// Vitest Snapshot v1, https://vitest.dev/guide/snapshot.html

exports[`staticSuite > dump > should output a dump of the suite 1`] = `
{
  "$type": "Suite",
  "abortController": AbortController {},
  "allowReorder": undefined,
  "children": [
    {
      "$type": "Test",
      "abortController": AbortController {},
      "allowReorder": undefined,
      "children": null,
      "data": {
        "fieldName": "t1",
        "severity": "error",
        "testFn": [Function],
      },
      "key": null,
      "keys": null,
      "output": undefined,
      "parent": [Circular],
      "status": "FAILED",
    },
    {
      "$type": "Test",
      "abortController": AbortController {},
      "allowReorder": undefined,
      "children": null,
      "data": {
        "fieldName": "t2",
        "severity": "error",
        "testFn": [Function],
      },
      "key": null,
      "keys": null,
      "output": undefined,
      "parent": [Circular],
      "status": "FAILED",
    },
    {
      "$type": "Group",
      "abortController": AbortController {},
      "allowReorder": undefined,
      "children": [
        {
          "$type": "Test",
          "abortController": AbortController {},
          "allowReorder": undefined,
          "children": null,
          "data": {
            "fieldName": "t1",
            "groupName": "g1",
            "severity": "error",
            "testFn": [Function],
          },
          "key": null,
          "keys": null,
          "output": undefined,
          "parent": [Circular],
          "status": "SKIPPED",
        },
        {
          "$type": "Test",
          "abortController": AbortController {},
          "allowReorder": undefined,
          "children": null,
          "data": {
            "fieldName": "t3",
            "groupName": "g1",
            "severity": "error",
            "testFn": [Function],
          },
          "key": null,
          "keys": null,
          "output": undefined,
          "parent": [Circular],
          "status": "FAILED",
        },
      ],
      "data": {},
      "key": null,
      "keys": null,
      "output": undefined,
      "parent": [Circular],
      "status": "DONE",
    },
  ],
  "data": {
    "optional": {},
  },
  "key": null,
  "keys": null,
  "output": {
    "done": [Function],
    "errorCount": 3,
    "errors": [
      SummaryFailure {
        "fieldName": "t1",
        "groupName": undefined,
        "message": undefined,
      },
      SummaryFailure {
        "fieldName": "t2",
        "groupName": undefined,
        "message": undefined,
      },
      SummaryFailure {
        "fieldName": "t3",
        "groupName": "g1",
        "message": undefined,
      },
    ],
    "getError": [Function],
    "getErrors": [Function],
    "getErrorsByGroup": [Function],
    "getMessage": [Function],
    "getWarning": [Function],
    "getWarnings": [Function],
    "getWarningsByGroup": [Function],
    "groups": {
      "g1": {
        "t1": SummaryBase {
          "errorCount": 0,
          "errors": [],
          "pendingCount": 0,
          "testCount": 0,
          "valid": false,
          "warnCount": 0,
          "warnings": [],
        },
        "t3": SummaryBase {
          "errorCount": 1,
          "errors": [],
          "pendingCount": 0,
          "testCount": 1,
          "valid": false,
          "warnCount": 0,
          "warnings": [],
        },
      },
    },
    "hasErrors": [Function],
    "hasErrorsByGroup": [Function],
    "hasWarnings": [Function],
    "hasWarningsByGroup": [Function],
    "isPending": [Function],
    "isTested": [Function],
    "isValid": [Function],
    "isValidByGroup": [Function],
    "pendingCount": 0,
    "suiteName": undefined,
    "testCount": 3,
    "tests": {
      "t1": {
        "errorCount": 1,
        "errors": [],
        "pendingCount": 0,
        "testCount": 1,
        "valid": false,
        "warnCount": 0,
        "warnings": [],
      },
      "t2": SummaryBase {
        "errorCount": 1,
        "errors": [],
        "pendingCount": 0,
        "testCount": 1,
        "valid": false,
        "warnCount": 0,
        "warnings": [],
      },
      "t3": SummaryBase {
        "errorCount": 1,
        "errors": [],
        "pendingCount": 0,
        "testCount": 1,
        "valid": false,
        "warnCount": 0,
        "warnings": [],
      },
    },
    "valid": false,
    "warnCount": 0,
    "warnings": [],
  },
  "parent": null,
  "status": "DONE",
}
`;
