// Vitest Snapshot v1, https://vitest.dev/guide/snapshot.html

exports[`IsolateSerializer > Custom Data Serialization > Should serialize data with custom keys 1`] = `"[{"0":"URoot","1":{"2":"3"},"children":[{"0":"UChild_1","1":{"2":"3"}},{"0":"UChild_2"},{"0":"UChild_3"}]},{"0":"$type","1":"data","2":"some_data","3":true}]"`;

exports[`IsolateSerializer > serialize > Should produce serialized dump 1`] = `"[{"0":"URoot","1":{"2":"3"},"children":[{"0":"UChild_1","1":{"2":"3"}},{"0":"UChild_2"},{"0":"UChild_3"}]},{"0":"$type","1":"data","2":"some_data","3":true}]"`;
