// Vitest Snapshot v1, https://vitest.dev/guide/snapshot.html

exports[`AsyncIsolate > It should resolve async isolate into the parent 2`] = `
{
  "$type": "URoot",
  "abortController": AbortController {},
  "allowReorder": undefined,
  "children": [
    {
      "$type": "UChild_1",
      "abortController": AbortController {},
      "allowReorder": undefined,
      "children": [
        {
          "$type": "UGrandChild_1",
          "abortController": AbortController {},
          "allowReorder": undefined,
          "children": null,
          "data": {},
          "key": null,
          "keys": null,
          "output": undefined,
          "parent": [Circular],
        },
        {
          "$type": "UGrandChild_2",
          "abortController": AbortController {},
          "allowReorder": undefined,
          "children": null,
          "data": {},
          "key": null,
          "keys": null,
          "output": undefined,
          "parent": [Circular],
        },
        {
          "$type": "UGrandChild_3",
          "abortController": AbortController {},
          "allowReorder": undefined,
          "children": null,
          "data": {},
          "key": null,
          "keys": null,
          "output": undefined,
          "parent": [Circular],
        },
      ],
      "data": {},
      "key": null,
      "keys": null,
      "output": undefined,
      "parent": [Circular],
    },
  ],
  "data": {},
  "key": null,
  "keys": null,
  "output": Promise {},
  "parent": null,
}
`;
