// Vitest Snapshot v1, https://vitest.dev/guide/snapshot.html

exports[`each > When callback is not a function > should throw 1`] = `[Error: Each must be called with a function]`;
